Archive member included because of file (symbol)

C:\Users\Florent\Documents\GitHub\RobORK2\Programmation\CMSISv2p00_LPC17xx\Debug\libCMSISv2p00_LPC17xx.a(system_LPC17xx.o)
                              ./src/cr_startup_lpc176x.o (SystemInit)
c:/nxp/lpcxpresso_4.2.3_292/lpcxpresso/tools/bin/../lib/gcc/arm-none-eabi/4.5.1/../../../../arm-none-eabi/lib/thumb2\libcr_c.a(__weak__main.o)
                              ./src/cr_startup_lpc176x.o (__main)
c:/nxp/lpcxpresso_4.2.3_292/lpcxpresso/tools/bin/../lib/gcc/arm-none-eabi/4.5.1/thumb2\libcr_eabihelpers.a(division.o)
                              C:\Users\Florent\Documents\GitHub\RobORK2\Programmation\CMSISv2p00_LPC17xx\Debug\libCMSISv2p00_LPC17xx.a(system_LPC17xx.o) (__aeabi_uldivmod)

Allocating common symbols
Common symbol       size              file

UART3Status         0x4               ./src/UART.o
UART3Buffer         0x40              ./src/UART.o

Discarded input sections

 .text          0x00000000        0x0 ./src/ADC.o
 .data          0x00000000        0x0 ./src/ADC.o
 .bss           0x00000000        0x0 ./src/ADC.o
 .text          0x00000000        0x0 ./src/EEPROM.o
 .data          0x00000000        0x0 ./src/EEPROM.o
 .bss           0x00000000        0x0 ./src/EEPROM.o
 .text          0x00000000        0x0 ./src/PWM.o
 .data          0x00000000        0x0 ./src/PWM.o
 .bss           0x00000000        0x0 ./src/PWM.o
 .text          0x00000000        0x0 ./src/UART.o
 .data          0x00000000        0x0 ./src/UART.o
 .bss           0x00000000        0x0 ./src/UART.o
 .text          0x00000000        0x0 ./src/cr_startup_lpc176x.o
 .data          0x00000000        0x0 ./src/cr_startup_lpc176x.o
 .bss           0x00000000        0x0 ./src/cr_startup_lpc176x.o
 .text          0x00000000        0x0 ./src/main.o
 .data          0x00000000        0x0 ./src/main.o
 .bss           0x00000000        0x0 ./src/main.o
 .text          0x00000000        0x0 ./src/watchdog.o
 .data          0x00000000        0x0 ./src/watchdog.o
 .bss           0x00000000        0x0 ./src/watchdog.o
 .text          0x00000000        0x0 C:\Users\Florent\Documents\GitHub\RobORK2\Programmation\CMSISv2p00_LPC17xx\Debug\libCMSISv2p00_LPC17xx.a(system_LPC17xx.o)
 .data          0x00000000        0x0 C:\Users\Florent\Documents\GitHub\RobORK2\Programmation\CMSISv2p00_LPC17xx\Debug\libCMSISv2p00_LPC17xx.a(system_LPC17xx.o)
 .bss           0x00000000        0x0 C:\Users\Florent\Documents\GitHub\RobORK2\Programmation\CMSISv2p00_LPC17xx\Debug\libCMSISv2p00_LPC17xx.a(system_LPC17xx.o)
 .text.SystemCoreClockUpdate
                0x00000000       0xf0 C:\Users\Florent\Documents\GitHub\RobORK2\Programmation\CMSISv2p00_LPC17xx\Debug\libCMSISv2p00_LPC17xx.a(system_LPC17xx.o)
 .text          0x00000000        0x0 c:/nxp/lpcxpresso_4.2.3_292/lpcxpresso/tools/bin/../lib/gcc/arm-none-eabi/4.5.1/../../../../arm-none-eabi/lib/thumb2\libcr_c.a(__weak__main.o)
 .data          0x00000000        0x0 c:/nxp/lpcxpresso_4.2.3_292/lpcxpresso/tools/bin/../lib/gcc/arm-none-eabi/4.5.1/../../../../arm-none-eabi/lib/thumb2\libcr_c.a(__weak__main.o)
 .bss           0x00000000        0x0 c:/nxp/lpcxpresso_4.2.3_292/lpcxpresso/tools/bin/../lib/gcc/arm-none-eabi/4.5.1/../../../../arm-none-eabi/lib/thumb2\libcr_c.a(__weak__main.o)
 .text          0x00000000        0x0 c:/nxp/lpcxpresso_4.2.3_292/lpcxpresso/tools/bin/../lib/gcc/arm-none-eabi/4.5.1/thumb2\libcr_eabihelpers.a(division.o)
 .data          0x00000000        0x0 c:/nxp/lpcxpresso_4.2.3_292/lpcxpresso/tools/bin/../lib/gcc/arm-none-eabi/4.5.1/thumb2\libcr_eabihelpers.a(division.o)
 .bss           0x00000000        0x0 c:/nxp/lpcxpresso_4.2.3_292/lpcxpresso/tools/bin/../lib/gcc/arm-none-eabi/4.5.1/thumb2\libcr_eabihelpers.a(division.o)
 .text.__aeabi_division_idiv
                0x00000000       0x10 c:/nxp/lpcxpresso_4.2.3_292/lpcxpresso/tools/bin/../lib/gcc/arm-none-eabi/4.5.1/thumb2\libcr_eabihelpers.a(division.o)
 .text.__aeabi_division_idivmod
                0x00000000       0x16 c:/nxp/lpcxpresso_4.2.3_292/lpcxpresso/tools/bin/../lib/gcc/arm-none-eabi/4.5.1/thumb2\libcr_eabihelpers.a(division.o)
 .text.__aeabi_division_uidiv
                0x00000000       0x10 c:/nxp/lpcxpresso_4.2.3_292/lpcxpresso/tools/bin/../lib/gcc/arm-none-eabi/4.5.1/thumb2\libcr_eabihelpers.a(division.o)
 .text.__aeabi_division_uidivmod
                0x00000000       0x16 c:/nxp/lpcxpresso_4.2.3_292/lpcxpresso/tools/bin/../lib/gcc/arm-none-eabi/4.5.1/thumb2\libcr_eabihelpers.a(division.o)
 .text.__aeabi_division_ldivmod
                0x00000000       0x26 c:/nxp/lpcxpresso_4.2.3_292/lpcxpresso/tools/bin/../lib/gcc/arm-none-eabi/4.5.1/thumb2\libcr_eabihelpers.a(division.o)
 .text.__aeabi_division_uldivmod
                0x00000000      0x174 c:/nxp/lpcxpresso_4.2.3_292/lpcxpresso/tools/bin/../lib/gcc/arm-none-eabi/4.5.1/thumb2\libcr_eabihelpers.a(division.o)
 .text.__aeabi_division_idiv0
                0x00000000        0x2 c:/nxp/lpcxpresso_4.2.3_292/lpcxpresso/tools/bin/../lib/gcc/arm-none-eabi/4.5.1/thumb2\libcr_eabihelpers.a(division.o)
 .text.__aeabi_division_ldiv0
                0x00000000        0x2 c:/nxp/lpcxpresso_4.2.3_292/lpcxpresso/tools/bin/../lib/gcc/arm-none-eabi/4.5.1/thumb2\libcr_eabihelpers.a(division.o)

Memory Configuration

Name             Origin             Length             Attributes
MFlash512        0x00000000         0x00080000         xr
RamLoc32         0x10000000         0x00008000         xrw
RamAHB32         0x2007c000         0x00008000         xrw
*default*        0x00000000         0xffffffff

Linker script and memory map

LOAD ./src/ADC.o
LOAD ./src/EEPROM.o
LOAD ./src/PWM.o
LOAD ./src/UART.o
LOAD ./src/cr_startup_lpc176x.o
LOAD ./src/main.o
LOAD ./src/watchdog.o
LOAD C:\Users\Florent\Documents\GitHub\RobORK2\Programmation\CMSISv2p00_LPC17xx\Debug\libCMSISv2p00_LPC17xx.a
LOAD C:\Users\Florent\Documents\GitHub\RobORK2\Programmation\CMSISv2p00_DSPLIB_CM3\lib\libCMSISv2p00_DSPLIB_CM3.a
START GROUP
LOAD c:/nxp/lpcxpresso_4.2.3_292/lpcxpresso/tools/bin/../lib/gcc/arm-none-eabi/4.5.1/../../../../arm-none-eabi/lib/thumb2\libcr_c.a
LOAD c:/nxp/lpcxpresso_4.2.3_292/lpcxpresso/tools/bin/../lib/gcc/arm-none-eabi/4.5.1/thumb2\libcr_eabihelpers.a
END GROUP
                0x00080000                __top_MFlash512 = 0x80000
                0x10008000                __top_RamLoc32 = 0x10008000
                0x20084000                __top_RamAHB32 = 0x20084000

.text           0x00000000      0x784
 FILL mask 0xff
 *(.isr_vector)
 .isr_vector    0x00000000       0xcc ./src/cr_startup_lpc176x.o
                0x00000000                g_pfnVectors
                0x000000cc                . = ALIGN (0x4)
                0x000000cc                __section_table_start = .
                0x000000cc                __data_section_table = .
                0x000000cc        0x4 LONG 0x784 LOADADDR (.data)
                0x000000d0        0x4 LONG 0x10000000 ADDR (.data)
                0x000000d4        0x4 LONG 0x8 SIZEOF (.data)
                0x000000d8        0x4 LONG 0x784 LOADADDR (.data_RAM2)
                0x000000dc        0x4 LONG 0x2007c000 ADDR (.data_RAM2)
                0x000000e0        0x4 LONG 0x0 SIZEOF (.data_RAM2)
                0x000000e4                __data_section_table_end = .
                0x000000e4                __bss_section_table = .
                0x000000e4        0x4 LONG 0x10000008 ADDR (.bss)
                0x000000e8        0x4 LONG 0x4c SIZEOF (.bss)
                0x000000ec        0x4 LONG 0x2007c000 ADDR (.bss_RAM2)
                0x000000f0        0x4 LONG 0x0 SIZEOF (.bss_RAM2)
                0x000000f4                __bss_section_table_end = .
                0x000000f4                __section_table_end = .
 *(.after_vectors*)
 .after_vectors
                0x000000f4       0x78 ./src/cr_startup_lpc176x.o
                0x000000f4                NMI_Handler
                0x000000f6                HardFault_Handler
                0x000000f8                MemManage_Handler
                0x000000fa                BusFault_Handler
                0x000000fc                UsageFault_Handler
                0x000000fe                SVC_Handler
                0x00000100                DebugMon_Handler
                0x00000102                PendSV_Handler
                0x00000104                SysTick_Handler
                0x00000106                data_init
                0x00000118                bss_init
                0x00000128                ResetISR
                0x00000168                UART1_IRQHandler
                0x00000168                EINT3_IRQHandler
                0x00000168                CANActivity_IRQHandler
                0x00000168                TIMER3_IRQHandler
                0x00000168                UART0_IRQHandler
                0x00000168                EINT2_IRQHandler
                0x00000168                I2C1_IRQHandler
                0x00000168                IntDefaultHandler
                0x00000168                PLL0_IRQHandler
                0x00000168                PWM1_IRQHandler
                0x00000168                PLL1_IRQHandler
                0x00000168                SSP0_IRQHandler
                0x00000168                I2S_IRQHandler
                0x00000168                I2C2_IRQHandler
                0x00000168                RTC_IRQHandler
                0x00000168                TIMER0_IRQHandler
                0x00000168                SPI_IRQHandler
                0x00000168                USBActivity_IRQHandler
                0x00000168                EINT1_IRQHandler
                0x00000168                TIMER1_IRQHandler
                0x00000168                UART2_IRQHandler
                0x00000168                ADC_IRQHandler
                0x00000168                SSP1_IRQHandler
                0x00000168                USB_IRQHandler
                0x00000168                BOD_IRQHandler
                0x00000168                I2C0_IRQHandler
                0x00000168                WDT_IRQHandler
                0x00000168                RIT_IRQHandler
                0x00000168                QEI_IRQHandler
                0x00000168                EINT0_IRQHandler
                0x00000168                CAN_IRQHandler
                0x00000168                DMA_IRQHandler
                0x00000168                TIMER2_IRQHandler
                0x00000168                MCPWM_IRQHandler
                0x00000168                ENET_IRQHandler
                0x000002fc                . = 0x2fc
 *fill*         0x0000016c      0x190 ff
                0x000002fc                PROVIDE (__CRP_WORD_START__, .)
 *(.crp)
 .crp           0x000002fc        0x4 ./src/main.o
                0x000002fc                CRP_WORD
                0x00000300                PROVIDE (__CRP_WORD_END__, .)
                0x00000001                ASSERT (! ((__CRP_WORD_START__ == __CRP_WORD_END__)), Linker CRP Enabled, but no CRP_WORD provided within application)
 *(.text*)
 .text.NVIC_EnableIRQ
                0x00000300       0x38 ./src/UART.o
 .text.UART3_IRQHandler
                0x00000338       0xec ./src/UART.o
                0x00000338                UART3_IRQHandler
 .text.init_uart3
                0x00000424      0x13c ./src/UART.o
                0x00000424                init_uart3
 .text.send_uart3
                0x00000560       0x60 ./src/UART.o
                0x00000560                send_uart3
 .text.NVIC_EnableIRQ
                0x000005c0       0x38 ./src/main.o
 .text.main     0x000005f8       0xa0 ./src/main.o
                0x000005f8                main
 .text.SystemInit
                0x00000698       0xe4 C:\Users\Florent\Documents\GitHub\RobORK2\Programmation\CMSISv2p00_LPC17xx\Debug\libCMSISv2p00_LPC17xx.a(system_LPC17xx.o)
                0x00000698                SystemInit
 .text.__weak_main
                0x0000077c        0x4 c:/nxp/lpcxpresso_4.2.3_292/lpcxpresso/tools/bin/../lib/gcc/arm-none-eabi/4.5.1/../../../../arm-none-eabi/lib/thumb2\libcr_c.a(__weak__main.o)
                0x0000077c                __weak_main
                0x0000077c                __main
 *(.rodata .rodata.*)
 .rodata.C.0.2903
                0x00000780        0x4 ./src/main.o
                0x00000784                . = ALIGN (0x4)

.glue_7         0x00000784        0x0
 .glue_7        0x00000000        0x0 linker stubs

.glue_7t        0x00000784        0x0
 .glue_7t       0x00000000        0x0 linker stubs

.vfp11_veneer   0x00000784        0x0
 .vfp11_veneer  0x00000000        0x0 linker stubs

.v4_bx          0x00000784        0x0
 .v4_bx         0x00000000        0x0 linker stubs

.ARM.extab
 *(.ARM.extab* .gnu.linkonce.armextab.*)
                0x00000784                __exidx_start = .

.ARM.exidx
 *(.ARM.exidx* .gnu.linkonce.armexidx.*)
                0x00000784                __exidx_end = .
                0x00000784                _etext = .

.data_RAM2      0x2007c000        0x0 load address 0x00000784
 FILL mask 0xff
 *(.data.$RAM2*)
 *(.data.$RamAHB32*)
                0x2007c000                . = ALIGN (0x4)

.uninit_RESERVED
 *(.bss.$RESERVED*)

.data           0x10000000        0x8 load address 0x00000784
 FILL mask 0xff
                0x10000000                _data = .
 *(vtable)
 *(.data*)
 .data.UART3TxEmpty
                0x10000000        0x1 ./src/UART.o
                0x10000000                UART3TxEmpty
 *fill*         0x10000001        0x3 00
 .data.SystemCoreClock
                0x10000004        0x4 C:\Users\Florent\Documents\GitHub\RobORK2\Programmation\CMSISv2p00_LPC17xx\Debug\libCMSISv2p00_LPC17xx.a(system_LPC17xx.o)
                0x10000004                SystemCoreClock
                0x10000008                . = ALIGN (0x4)
                0x10000008                _edata = .

.bss_RAM2       0x2007c000        0x0
 *(.bss.$RAM2*)
 *(.bss.$RamAHB32*)
                0x2007c000                . = ALIGN (0x4)

.bss            0x10000008       0x4c
                0x10000008                _bss = .
 *(.bss*)
 .bss.UART3Count
                0x10000008        0x4 ./src/UART.o
                0x10000008                UART3Count
 .bss.i.2119    0x1000000c        0x4 ./src/main.o
 *(COMMON)
 COMMON         0x10000010       0x44 ./src/UART.o
                0x10000010                UART3Status
                0x10000014                UART3Buffer
                0x10000054                . = ALIGN (0x4)
                0x10000054                _ebss = .
                0x10000054                PROVIDE (end, .)
                0x10000054                PROVIDE (_pvHeapStart, .)
                0x10008000                PROVIDE (_vStackTop, (__top_RamLoc32 - 0x0))
OUTPUT(test_project.axf elf32-littlearm)

.debug_abbrev   0x00000000      0x578
 .debug_abbrev  0x00000000       0x16 ./src/ADC.o
 .debug_abbrev  0x00000016       0x16 ./src/EEPROM.o
 .debug_abbrev  0x0000002c       0x16 ./src/PWM.o
 .debug_abbrev  0x00000042      0x1e2 ./src/UART.o
 .debug_abbrev  0x00000224      0x10f ./src/cr_startup_lpc176x.o
 .debug_abbrev  0x00000333      0x14c ./src/main.o
 .debug_abbrev  0x0000047f       0x16 ./src/watchdog.o
 .debug_abbrev  0x00000495       0xe3 C:\Users\Florent\Documents\GitHub\RobORK2\Programmation\CMSISv2p00_LPC17xx\Debug\libCMSISv2p00_LPC17xx.a(system_LPC17xx.o)

.debug_info     0x00000000     0x1a49
 .debug_info    0x00000000       0x29 ./src/ADC.o
 .debug_info    0x00000029       0x29 ./src/EEPROM.o
 .debug_info    0x00000052       0x29 ./src/PWM.o
 .debug_info    0x0000007b      0xadb ./src/UART.o
 .debug_info    0x00000b56      0x2e3 ./src/cr_startup_lpc176x.o
 .debug_info    0x00000e39      0x858 ./src/main.o
 .debug_info    0x00001691       0x29 ./src/watchdog.o
 .debug_info    0x000016ba      0x38f C:\Users\Florent\Documents\GitHub\RobORK2\Programmation\CMSISv2p00_LPC17xx\Debug\libCMSISv2p00_LPC17xx.a(system_LPC17xx.o)

.debug_line     0x00000000     0x10fd
 .debug_line    0x00000000       0x2d ./src/ADC.o
 .debug_line    0x0000002d       0x30 ./src/EEPROM.o
 .debug_line    0x0000005d       0x2d ./src/PWM.o
 .debug_line    0x0000008a      0x42b ./src/UART.o
 .debug_line    0x000004b5      0x3d7 ./src/cr_startup_lpc176x.o
 .debug_line    0x0000088c      0x46c ./src/main.o
 .debug_line    0x00000cf8       0x32 ./src/watchdog.o
 .debug_line    0x00000d2a      0x3d3 C:\Users\Florent\Documents\GitHub\RobORK2\Programmation\CMSISv2p00_LPC17xx\Debug\libCMSISv2p00_LPC17xx.a(system_LPC17xx.o)

.debug_macinfo  0x00000000    0x1f848
 .debug_macinfo
                0x00000000     0x16ce ./src/ADC.o
 .debug_macinfo
                0x000016ce     0x16ce ./src/EEPROM.o
 .debug_macinfo
                0x00002d9c     0x16ce ./src/PWM.o
 .debug_macinfo
                0x0000446a     0x77ba ./src/UART.o
 .debug_macinfo
                0x0000bc24     0x316a ./src/cr_startup_lpc176x.o
 .debug_macinfo
                0x0000ed8e     0x7ac1 ./src/main.o
 .debug_macinfo
                0x0001684f     0x16ce ./src/watchdog.o
 .debug_macinfo
                0x00017f1d     0x792b C:\Users\Florent\Documents\GitHub\RobORK2\Programmation\CMSISv2p00_LPC17xx\Debug\libCMSISv2p00_LPC17xx.a(system_LPC17xx.o)

.debug_str      0x00000000      0x9bc
 .debug_str     0x00000000       0x64 ./src/ADC.o
 .debug_str     0x00000064       0x10 ./src/EEPROM.o
                                 0x67 (size before relaxing)
 .debug_str     0x00000074        0xd ./src/PWM.o
                                 0x64 (size before relaxing)
 .debug_str     0x00000081      0x5d8 ./src/UART.o
                                0x65e (size before relaxing)
 .debug_str     0x00000659      0x177 ./src/cr_startup_lpc176x.o
                                0x24d (size before relaxing)
 .debug_str     0x000007d0      0x150 ./src/main.o
                                0x5c4 (size before relaxing)
 .debug_str     0x00000920       0x12 ./src/watchdog.o
                                 0x69 (size before relaxing)
 .debug_str     0x00000932       0x8a C:\Users\Florent\Documents\GitHub\RobORK2\Programmation\CMSISv2p00_LPC17xx\Debug\libCMSISv2p00_LPC17xx.a(system_LPC17xx.o)
                                0x287 (size before relaxing)

.comment        0x00000000       0x2a
 .comment       0x00000000       0x2a ./src/ADC.o
                                 0x2b (size before relaxing)
 .comment       0x00000000       0x2b ./src/EEPROM.o
 .comment       0x00000000       0x2b ./src/PWM.o
 .comment       0x00000000       0x2b ./src/UART.o
 .comment       0x00000000       0x2b ./src/cr_startup_lpc176x.o
 .comment       0x00000000       0x2b ./src/main.o
 .comment       0x00000000       0x2b ./src/watchdog.o
 .comment       0x00000000       0x2b C:\Users\Florent\Documents\GitHub\RobORK2\Programmation\CMSISv2p00_LPC17xx\Debug\libCMSISv2p00_LPC17xx.a(system_LPC17xx.o)
 .comment       0x00000000       0x2b c:/nxp/lpcxpresso_4.2.3_292/lpcxpresso/tools/bin/../lib/gcc/arm-none-eabi/4.5.1/../../../../arm-none-eabi/lib/thumb2\libcr_c.a(__weak__main.o)

.ARM.attributes
                0x00000000       0x2f
 .ARM.attributes
                0x00000000       0x31 ./src/ADC.o
 .ARM.attributes
                0x00000031       0x31 ./src/EEPROM.o
 .ARM.attributes
                0x00000062       0x31 ./src/PWM.o
 .ARM.attributes
                0x00000093       0x31 ./src/UART.o
 .ARM.attributes
                0x000000c4       0x31 ./src/cr_startup_lpc176x.o
 .ARM.attributes
                0x000000f5       0x31 ./src/main.o
 .ARM.attributes
                0x00000126       0x31 ./src/watchdog.o
 .ARM.attributes
                0x00000157       0x31 C:\Users\Florent\Documents\GitHub\RobORK2\Programmation\CMSISv2p00_LPC17xx\Debug\libCMSISv2p00_LPC17xx.a(system_LPC17xx.o)
 .ARM.attributes
                0x00000188       0x31 c:/nxp/lpcxpresso_4.2.3_292/lpcxpresso/tools/bin/../lib/gcc/arm-none-eabi/4.5.1/../../../../arm-none-eabi/lib/thumb2\libcr_c.a(__weak__main.o)
 .ARM.attributes
                0x000001b9       0x21 c:/nxp/lpcxpresso_4.2.3_292/lpcxpresso/tools/bin/../lib/gcc/arm-none-eabi/4.5.1/thumb2\libcr_eabihelpers.a(division.o)

.debug_loc      0x00000000      0x328
 .debug_loc     0x00000000       0xe0 ./src/UART.o
 .debug_loc     0x000000e0      0x1b8 ./src/cr_startup_lpc176x.o
 .debug_loc     0x00000298       0x70 ./src/main.o
 .debug_loc     0x00000308       0x20 C:\Users\Florent\Documents\GitHub\RobORK2\Programmation\CMSISv2p00_LPC17xx\Debug\libCMSISv2p00_LPC17xx.a(system_LPC17xx.o)

.debug_pubnames
                0x00000000      0x211
 .debug_pubnames
                0x00000000       0x85 ./src/UART.o
 .debug_pubnames
                0x00000085      0x115 ./src/cr_startup_lpc176x.o
 .debug_pubnames
                0x0000019a       0x28 ./src/main.o
 .debug_pubnames
                0x000001c2       0x4f C:\Users\Florent\Documents\GitHub\RobORK2\Programmation\CMSISv2p00_LPC17xx\Debug\libCMSISv2p00_LPC17xx.a(system_LPC17xx.o)

.debug_pubtypes
                0x00000000      0x180
 .debug_pubtypes
                0x00000000       0x9b ./src/UART.o
 .debug_pubtypes
                0x0000009b       0x12 ./src/cr_startup_lpc176x.o
 .debug_pubtypes
                0x000000ad       0x95 ./src/main.o
 .debug_pubtypes
                0x00000142       0x3e C:\Users\Florent\Documents\GitHub\RobORK2\Programmation\CMSISv2p00_LPC17xx\Debug\libCMSISv2p00_LPC17xx.a(system_LPC17xx.o)

.debug_aranges  0x00000000      0x108
 .debug_aranges
                0x00000000       0x38 ./src/UART.o
 .debug_aranges
                0x00000038       0x80 ./src/cr_startup_lpc176x.o
 .debug_aranges
                0x000000b8       0x28 ./src/main.o
 .debug_aranges
                0x000000e0       0x28 C:\Users\Florent\Documents\GitHub\RobORK2\Programmation\CMSISv2p00_LPC17xx\Debug\libCMSISv2p00_LPC17xx.a(system_LPC17xx.o)

.debug_ranges   0x00000000       0xc8
 .debug_ranges  0x00000000       0x28 ./src/UART.o
 .debug_ranges  0x00000028       0x70 ./src/cr_startup_lpc176x.o
 .debug_ranges  0x00000098       0x18 ./src/main.o
 .debug_ranges  0x000000b0       0x18 C:\Users\Florent\Documents\GitHub\RobORK2\Programmation\CMSISv2p00_LPC17xx\Debug\libCMSISv2p00_LPC17xx.a(system_LPC17xx.o)

.debug_frame    0x00000000      0x200
 .debug_frame   0x00000000       0x88 ./src/UART.o
 .debug_frame   0x00000088       0xf0 ./src/cr_startup_lpc176x.o
 .debug_frame   0x00000178       0x4c ./src/main.o
 .debug_frame   0x000001c4       0x3c C:\Users\Florent\Documents\GitHub\RobORK2\Programmation\CMSISv2p00_LPC17xx\Debug\libCMSISv2p00_LPC17xx.a(system_LPC17xx.o)
