Archive member included because of file (symbol)

C:\Users\Florent\Documents\GitHub\RobORK2\Programmation\CMSISv2p00_LPC17xx\Debug\libCMSISv2p00_LPC17xx.a(system_LPC17xx.o)
                              ./src/cr_startup_lpc176x.o (SystemInit)
c:/nxp/lpcxpresso_4.2.3_292/lpcxpresso/tools/bin/../lib/gcc/arm-none-eabi/4.5.1/../../../../arm-none-eabi/lib/thumb2\libcr_c.a(__weak__main.o)
                              ./src/cr_startup_lpc176x.o (__main)
c:/nxp/lpcxpresso_4.2.3_292/lpcxpresso/tools/bin/../lib/gcc/arm-none-eabi/4.5.1/../../../../arm-none-eabi/lib/thumb2\libcr_c.a(strcmp.o)
                              ./src/main.o (strcmp)
c:/nxp/lpcxpresso_4.2.3_292/lpcxpresso/tools/bin/../lib/gcc/arm-none-eabi/4.5.1/../../../../arm-none-eabi/lib/thumb2\libcr_c.a(strcpy.o)
                              ./src/UART.o (strcpy)
c:/nxp/lpcxpresso_4.2.3_292/lpcxpresso/tools/bin/../lib/gcc/arm-none-eabi/4.5.1/../../../../arm-none-eabi/lib/thumb2\libcr_c.a(strlen.o)
                              ./src/UART.o (strlen)
c:/nxp/lpcxpresso_4.2.3_292/lpcxpresso/tools/bin/../lib/gcc/arm-none-eabi/4.5.1/thumb2\libcr_eabihelpers.a(division.o)
                              C:\Users\Florent\Documents\GitHub\RobORK2\Programmation\CMSISv2p00_LPC17xx\Debug\libCMSISv2p00_LPC17xx.a(system_LPC17xx.o) (__aeabi_uldivmod)

Allocating common symbols
Common symbol       size              file

UART3Status         0x4               ./src/UART.o
UART3Buffer         0x40              ./src/UART.o
ADC0Value           0x20              ./src/ADC.o
commande            0xff              ./src/main.o

Discarded input sections

 .text          0x00000000        0x0 ./src/ADC.o
 .data          0x00000000        0x0 ./src/ADC.o
 .bss           0x00000000        0x0 ./src/ADC.o
 .bss.ADC0IntDone
                0x00000000        0x4 ./src/ADC.o
 .text.ADCBurstRead
                0x00000000       0x7c ./src/ADC.o
 COMMON         0x00000000       0x20 ./src/ADC.o
 .text          0x00000000        0x0 ./src/EEPROM.o
 .data          0x00000000        0x0 ./src/EEPROM.o
 .bss           0x00000000        0x0 ./src/EEPROM.o
 .text          0x00000000        0x0 ./src/PWM.o
 .data          0x00000000        0x0 ./src/PWM.o
 .bss           0x00000000        0x0 ./src/PWM.o
 .text          0x00000000        0x0 ./src/UART.o
 .data          0x00000000        0x0 ./src/UART.o
 .bss           0x00000000        0x0 ./src/UART.o
 .text          0x00000000        0x0 ./src/cr_startup_lpc176x.o
 .data          0x00000000        0x0 ./src/cr_startup_lpc176x.o
 .bss           0x00000000        0x0 ./src/cr_startup_lpc176x.o
 .text          0x00000000        0x0 ./src/main.o
 .data          0x00000000        0x0 ./src/main.o
 .bss           0x00000000        0x0 ./src/main.o
 .text          0x00000000        0x0 ./src/watchdog.o
 .data          0x00000000        0x0 ./src/watchdog.o
 .bss           0x00000000        0x0 ./src/watchdog.o
 .text          0x00000000        0x0 C:\Users\Florent\Documents\GitHub\RobORK2\Programmation\CMSISv2p00_LPC17xx\Debug\libCMSISv2p00_LPC17xx.a(system_LPC17xx.o)
 .data          0x00000000        0x0 C:\Users\Florent\Documents\GitHub\RobORK2\Programmation\CMSISv2p00_LPC17xx\Debug\libCMSISv2p00_LPC17xx.a(system_LPC17xx.o)
 .bss           0x00000000        0x0 C:\Users\Florent\Documents\GitHub\RobORK2\Programmation\CMSISv2p00_LPC17xx\Debug\libCMSISv2p00_LPC17xx.a(system_LPC17xx.o)
 .text.SystemCoreClockUpdate
                0x00000000       0xf0 C:\Users\Florent\Documents\GitHub\RobORK2\Programmation\CMSISv2p00_LPC17xx\Debug\libCMSISv2p00_LPC17xx.a(system_LPC17xx.o)
 .text          0x00000000        0x0 c:/nxp/lpcxpresso_4.2.3_292/lpcxpresso/tools/bin/../lib/gcc/arm-none-eabi/4.5.1/../../../../arm-none-eabi/lib/thumb2\libcr_c.a(__weak__main.o)
 .data          0x00000000        0x0 c:/nxp/lpcxpresso_4.2.3_292/lpcxpresso/tools/bin/../lib/gcc/arm-none-eabi/4.5.1/../../../../arm-none-eabi/lib/thumb2\libcr_c.a(__weak__main.o)
 .bss           0x00000000        0x0 c:/nxp/lpcxpresso_4.2.3_292/lpcxpresso/tools/bin/../lib/gcc/arm-none-eabi/4.5.1/../../../../arm-none-eabi/lib/thumb2\libcr_c.a(__weak__main.o)
 .text          0x00000000        0x0 c:/nxp/lpcxpresso_4.2.3_292/lpcxpresso/tools/bin/../lib/gcc/arm-none-eabi/4.5.1/../../../../arm-none-eabi/lib/thumb2\libcr_c.a(strcmp.o)
 .data          0x00000000        0x0 c:/nxp/lpcxpresso_4.2.3_292/lpcxpresso/tools/bin/../lib/gcc/arm-none-eabi/4.5.1/../../../../arm-none-eabi/lib/thumb2\libcr_c.a(strcmp.o)
 .bss           0x00000000        0x0 c:/nxp/lpcxpresso_4.2.3_292/lpcxpresso/tools/bin/../lib/gcc/arm-none-eabi/4.5.1/../../../../arm-none-eabi/lib/thumb2\libcr_c.a(strcmp.o)
 .text          0x00000000        0x0 c:/nxp/lpcxpresso_4.2.3_292/lpcxpresso/tools/bin/../lib/gcc/arm-none-eabi/4.5.1/../../../../arm-none-eabi/lib/thumb2\libcr_c.a(strcpy.o)
 .data          0x00000000        0x0 c:/nxp/lpcxpresso_4.2.3_292/lpcxpresso/tools/bin/../lib/gcc/arm-none-eabi/4.5.1/../../../../arm-none-eabi/lib/thumb2\libcr_c.a(strcpy.o)
 .bss           0x00000000        0x0 c:/nxp/lpcxpresso_4.2.3_292/lpcxpresso/tools/bin/../lib/gcc/arm-none-eabi/4.5.1/../../../../arm-none-eabi/lib/thumb2\libcr_c.a(strcpy.o)
 .text          0x00000000        0x0 c:/nxp/lpcxpresso_4.2.3_292/lpcxpresso/tools/bin/../lib/gcc/arm-none-eabi/4.5.1/../../../../arm-none-eabi/lib/thumb2\libcr_c.a(strlen.o)
 .data          0x00000000        0x0 c:/nxp/lpcxpresso_4.2.3_292/lpcxpresso/tools/bin/../lib/gcc/arm-none-eabi/4.5.1/../../../../arm-none-eabi/lib/thumb2\libcr_c.a(strlen.o)
 .bss           0x00000000        0x0 c:/nxp/lpcxpresso_4.2.3_292/lpcxpresso/tools/bin/../lib/gcc/arm-none-eabi/4.5.1/../../../../arm-none-eabi/lib/thumb2\libcr_c.a(strlen.o)
 .text          0x00000000        0x0 c:/nxp/lpcxpresso_4.2.3_292/lpcxpresso/tools/bin/../lib/gcc/arm-none-eabi/4.5.1/thumb2\libcr_eabihelpers.a(division.o)
 .data          0x00000000        0x0 c:/nxp/lpcxpresso_4.2.3_292/lpcxpresso/tools/bin/../lib/gcc/arm-none-eabi/4.5.1/thumb2\libcr_eabihelpers.a(division.o)
 .bss           0x00000000        0x0 c:/nxp/lpcxpresso_4.2.3_292/lpcxpresso/tools/bin/../lib/gcc/arm-none-eabi/4.5.1/thumb2\libcr_eabihelpers.a(division.o)
 .text.__aeabi_division_idiv
                0x00000000       0x10 c:/nxp/lpcxpresso_4.2.3_292/lpcxpresso/tools/bin/../lib/gcc/arm-none-eabi/4.5.1/thumb2\libcr_eabihelpers.a(division.o)
 .text.__aeabi_division_idivmod
                0x00000000       0x16 c:/nxp/lpcxpresso_4.2.3_292/lpcxpresso/tools/bin/../lib/gcc/arm-none-eabi/4.5.1/thumb2\libcr_eabihelpers.a(division.o)
 .text.__aeabi_division_uidiv
                0x00000000       0x10 c:/nxp/lpcxpresso_4.2.3_292/lpcxpresso/tools/bin/../lib/gcc/arm-none-eabi/4.5.1/thumb2\libcr_eabihelpers.a(division.o)
 .text.__aeabi_division_uidivmod
                0x00000000       0x16 c:/nxp/lpcxpresso_4.2.3_292/lpcxpresso/tools/bin/../lib/gcc/arm-none-eabi/4.5.1/thumb2\libcr_eabihelpers.a(division.o)
 .text.__aeabi_division_ldivmod
                0x00000000       0x26 c:/nxp/lpcxpresso_4.2.3_292/lpcxpresso/tools/bin/../lib/gcc/arm-none-eabi/4.5.1/thumb2\libcr_eabihelpers.a(division.o)
 .text.__aeabi_division_uldivmod
                0x00000000      0x174 c:/nxp/lpcxpresso_4.2.3_292/lpcxpresso/tools/bin/../lib/gcc/arm-none-eabi/4.5.1/thumb2\libcr_eabihelpers.a(division.o)
 .text.__aeabi_division_idiv0
                0x00000000        0x2 c:/nxp/lpcxpresso_4.2.3_292/lpcxpresso/tools/bin/../lib/gcc/arm-none-eabi/4.5.1/thumb2\libcr_eabihelpers.a(division.o)
 .text.__aeabi_division_ldiv0
                0x00000000        0x2 c:/nxp/lpcxpresso_4.2.3_292/lpcxpresso/tools/bin/../lib/gcc/arm-none-eabi/4.5.1/thumb2\libcr_eabihelpers.a(division.o)

Memory Configuration

Name             Origin             Length             Attributes
MFlash512        0x00000000         0x00080000         xr
RamLoc32         0x10000000         0x00008000         xrw
RamAHB32         0x2007c000         0x00008000         xrw
*default*        0x00000000         0xffffffff

Linker script and memory map

LOAD ./src/ADC.o
LOAD ./src/EEPROM.o
LOAD ./src/PWM.o
LOAD ./src/UART.o
LOAD ./src/cr_startup_lpc176x.o
LOAD ./src/main.o
LOAD ./src/watchdog.o
LOAD C:\Users\Florent\Documents\GitHub\RobORK2\Programmation\CMSISv2p00_LPC17xx\Debug\libCMSISv2p00_LPC17xx.a
LOAD C:\Users\Florent\Documents\GitHub\RobORK2\Programmation\CMSISv2p00_DSPLIB_CM3\lib\libCMSISv2p00_DSPLIB_CM3.a
START GROUP
LOAD c:/nxp/lpcxpresso_4.2.3_292/lpcxpresso/tools/bin/../lib/gcc/arm-none-eabi/4.5.1/../../../../arm-none-eabi/lib/thumb2\libcr_c.a
LOAD c:/nxp/lpcxpresso_4.2.3_292/lpcxpresso/tools/bin/../lib/gcc/arm-none-eabi/4.5.1/thumb2\libcr_eabihelpers.a
END GROUP
                0x00080000                __top_MFlash512 = 0x80000
                0x10008000                __top_RamLoc32 = 0x10008000
                0x20084000                __top_RamAHB32 = 0x20084000

.text           0x00000000      0xea8
 FILL mask 0xff
 *(.isr_vector)
 .isr_vector    0x00000000       0xcc ./src/cr_startup_lpc176x.o
                0x00000000                g_pfnVectors
                0x000000cc                . = ALIGN (0x4)
                0x000000cc                __section_table_start = .
                0x000000cc                __data_section_table = .
                0x000000cc        0x4 LONG 0xea8 LOADADDR (.data)
                0x000000d0        0x4 LONG 0x10000000 ADDR (.data)
                0x000000d4        0x4 LONG 0xc SIZEOF (.data)
                0x000000d8        0x4 LONG 0xea8 LOADADDR (.data_RAM2)
                0x000000dc        0x4 LONG 0x2007c000 ADDR (.data_RAM2)
                0x000000e0        0x4 LONG 0x0 SIZEOF (.data_RAM2)
                0x000000e4                __data_section_table_end = .
                0x000000e4                __bss_section_table = .
                0x000000e4        0x4 LONG 0x1000000c ADDR (.bss)
                0x000000e8        0x4 LONG 0x148 SIZEOF (.bss)
                0x000000ec        0x4 LONG 0x2007c000 ADDR (.bss_RAM2)
                0x000000f0        0x4 LONG 0x0 SIZEOF (.bss_RAM2)
                0x000000f4                __bss_section_table_end = .
                0x000000f4                __section_table_end = .
 *(.after_vectors*)
 .after_vectors
                0x000000f4       0x78 ./src/cr_startup_lpc176x.o
                0x000000f4                NMI_Handler
                0x000000f6                HardFault_Handler
                0x000000f8                MemManage_Handler
                0x000000fa                BusFault_Handler
                0x000000fc                UsageFault_Handler
                0x000000fe                SVC_Handler
                0x00000100                DebugMon_Handler
                0x00000102                PendSV_Handler
                0x00000104                SysTick_Handler
                0x00000106                data_init
                0x00000118                bss_init
                0x00000128                ResetISR
                0x00000168                UART1_IRQHandler
                0x00000168                EINT3_IRQHandler
                0x00000168                CANActivity_IRQHandler
                0x00000168                TIMER3_IRQHandler
                0x00000168                UART0_IRQHandler
                0x00000168                EINT2_IRQHandler
                0x00000168                I2C1_IRQHandler
                0x00000168                IntDefaultHandler
                0x00000168                PLL0_IRQHandler
                0x00000168                PWM1_IRQHandler
                0x00000168                PLL1_IRQHandler
                0x00000168                SSP0_IRQHandler
                0x00000168                I2S_IRQHandler
                0x00000168                I2C2_IRQHandler
                0x00000168                RTC_IRQHandler
                0x00000168                TIMER0_IRQHandler
                0x00000168                SPI_IRQHandler
                0x00000168                USBActivity_IRQHandler
                0x00000168                EINT1_IRQHandler
                0x00000168                TIMER1_IRQHandler
                0x00000168                UART2_IRQHandler
                0x00000168                ADC_IRQHandler
                0x00000168                SSP1_IRQHandler
                0x00000168                USB_IRQHandler
                0x00000168                BOD_IRQHandler
                0x00000168                I2C0_IRQHandler
                0x00000168                WDT_IRQHandler
                0x00000168                RIT_IRQHandler
                0x00000168                QEI_IRQHandler
                0x00000168                EINT0_IRQHandler
                0x00000168                CAN_IRQHandler
                0x00000168                DMA_IRQHandler
                0x00000168                TIMER2_IRQHandler
                0x00000168                MCPWM_IRQHandler
                0x00000168                ENET_IRQHandler
                0x000002fc                . = 0x2fc
 *fill*         0x0000016c      0x190 ff
                0x000002fc                PROVIDE (__CRP_WORD_START__, .)
 *(.crp)
 .crp           0x000002fc        0x4 ./src/main.o
                0x000002fc                CRP_WORD
                0x00000300                PROVIDE (__CRP_WORD_END__, .)
                0x00000001                ASSERT (! ((__CRP_WORD_START__ == __CRP_WORD_END__)), Linker CRP Enabled, but no CRP_WORD provided within application)
 *(.text*)
 .text.ADCInit  0x00000300      0x120 ./src/ADC.o
                0x00000300                ADCInit
 .text.ADC0Read
                0x00000420       0xbc ./src/ADC.o
                0x00000420                ADC0Read
 .text.NVIC_EnableIRQ
                0x000004dc       0x38 ./src/UART.o
 .text.UART3_IRQHandler
                0x00000514      0x1ac ./src/UART.o
                0x00000514                UART3_IRQHandler
 .text.init_uart3
                0x000006c0      0x13c ./src/UART.o
                0x000006c0                init_uart3
 .text.send_uart3
                0x000007fc       0x60 ./src/UART.o
                0x000007fc                send_uart3
 .text.NVIC_EnableIRQ
                0x0000085c       0x38 ./src/main.o
 .text.main     0x00000894      0x444 ./src/main.o
                0x00000894                main
 .text.SystemInit
                0x00000cd8       0xe4 C:\Users\Florent\Documents\GitHub\RobORK2\Programmation\CMSISv2p00_LPC17xx\Debug\libCMSISv2p00_LPC17xx.a(system_LPC17xx.o)
                0x00000cd8                SystemInit
 .text.__weak_main
                0x00000dbc        0x4 c:/nxp/lpcxpresso_4.2.3_292/lpcxpresso/tools/bin/../lib/gcc/arm-none-eabi/4.5.1/../../../../arm-none-eabi/lib/thumb2\libcr_c.a(__weak__main.o)
                0x00000dbc                __weak_main
                0x00000dbc                __main
 .text.strcmp   0x00000dc0       0x46 c:/nxp/lpcxpresso_4.2.3_292/lpcxpresso/tools/bin/../lib/gcc/arm-none-eabi/4.5.1/../../../../arm-none-eabi/lib/thumb2\libcr_c.a(strcmp.o)
                0x00000dc0                strcmp
 .text.strcpy   0x00000e06       0x42 c:/nxp/lpcxpresso_4.2.3_292/lpcxpresso/tools/bin/../lib/gcc/arm-none-eabi/4.5.1/../../../../arm-none-eabi/lib/thumb2\libcr_c.a(strcpy.o)
                0x00000e06                strcpy
 .text.strlen   0x00000e48       0x4e c:/nxp/lpcxpresso_4.2.3_292/lpcxpresso/tools/bin/../lib/gcc/arm-none-eabi/4.5.1/../../../../arm-none-eabi/lib/thumb2\libcr_c.a(strlen.o)
                0x00000e48                strlen
 *(.rodata .rodata.*)
 *fill*         0x00000e96        0x2 00
 .rodata        0x00000e98        0xc ./src/main.o
 .rodata.C.0.3252
                0x00000ea4        0x4 ./src/main.o
                0x00000ea8                . = ALIGN (0x4)

.glue_7         0x00000ea8        0x0
 .glue_7        0x00000000        0x0 linker stubs

.glue_7t        0x00000ea8        0x0
 .glue_7t       0x00000000        0x0 linker stubs

.vfp11_veneer   0x00000ea8        0x0
 .vfp11_veneer  0x00000000        0x0 linker stubs

.v4_bx          0x00000ea8        0x0
 .v4_bx         0x00000000        0x0 linker stubs

.ARM.extab
 *(.ARM.extab* .gnu.linkonce.armextab.*)
                0x00000ea8                __exidx_start = .

.ARM.exidx
 *(.ARM.exidx* .gnu.linkonce.armexidx.*)
                0x00000ea8                __exidx_end = .
                0x00000ea8                _etext = .

.data_RAM2      0x2007c000        0x0 load address 0x00000ea8
 FILL mask 0xff
 *(.data.$RAM2*)
 *(.data.$RamAHB32*)
                0x2007c000                . = ALIGN (0x4)

.uninit_RESERVED
 *(.bss.$RESERVED*)

.data           0x10000000        0xc load address 0x00000ea8
 FILL mask 0xff
                0x10000000                _data = .
 *(vtable)
 *(.data*)
 .data.UART3TxEmpty
                0x10000000        0x1 ./src/UART.o
                0x10000000                UART3TxEmpty
 *fill*         0x10000001        0x3 00
 .data.validation
                0x10000004        0x4 ./src/main.o
                0x10000004                validation
 .data.SystemCoreClock
                0x10000008        0x4 C:\Users\Florent\Documents\GitHub\RobORK2\Programmation\CMSISv2p00_LPC17xx\Debug\libCMSISv2p00_LPC17xx.a(system_LPC17xx.o)
                0x10000008                SystemCoreClock
                0x1000000c                . = ALIGN (0x4)
                0x1000000c                _edata = .

.bss_RAM2       0x2007c000        0x0
 *(.bss.$RAM2*)
 *(.bss.$RamAHB32*)
                0x2007c000                . = ALIGN (0x4)

.bss            0x1000000c      0x148
                0x1000000c                _bss = .
 *(.bss*)
 .bss.UART3Count
                0x1000000c        0x4 ./src/UART.o
                0x1000000c                UART3Count
 *(COMMON)
 COMMON         0x10000010       0x44 ./src/UART.o
                0x10000010                UART3Status
                0x10000014                UART3Buffer
 COMMON         0x10000054       0xff ./src/main.o
                0x10000054                commande
                0x10000154                . = ALIGN (0x4)
 *fill*         0x10000153        0x1 00
                0x10000154                _ebss = .
                0x10000154                PROVIDE (end, .)
                0x10000154                PROVIDE (_pvHeapStart, .)
                0x10008000                PROVIDE (_vStackTop, (__top_RamLoc32 - 0x0))
OUTPUT(test_project.axf elf32-littlearm)

.debug_abbrev   0x00000000      0x6bd
 .debug_abbrev  0x00000000      0x13b ./src/ADC.o
 .debug_abbrev  0x0000013b       0x16 ./src/EEPROM.o
 .debug_abbrev  0x00000151       0x16 ./src/PWM.o
 .debug_abbrev  0x00000167      0x1e2 ./src/UART.o
 .debug_abbrev  0x00000349      0x10f ./src/cr_startup_lpc176x.o
 .debug_abbrev  0x00000458      0x16c ./src/main.o
 .debug_abbrev  0x000005c4       0x16 ./src/watchdog.o
 .debug_abbrev  0x000005da       0xe3 C:\Users\Florent\Documents\GitHub\RobORK2\Programmation\CMSISv2p00_LPC17xx\Debug\libCMSISv2p00_LPC17xx.a(system_LPC17xx.o)

.debug_info     0x00000000     0x2200
 .debug_info    0x00000000      0x6db ./src/ADC.o
 .debug_info    0x000006db       0x29 ./src/EEPROM.o
 .debug_info    0x00000704       0x29 ./src/PWM.o
 .debug_info    0x0000072d      0xb3c ./src/UART.o
 .debug_info    0x00001269      0x2e3 ./src/cr_startup_lpc176x.o
 .debug_info    0x0000154c      0x8fc ./src/main.o
 .debug_info    0x00001e48       0x29 ./src/watchdog.o
 .debug_info    0x00001e71      0x38f C:\Users\Florent\Documents\GitHub\RobORK2\Programmation\CMSISv2p00_LPC17xx\Debug\libCMSISv2p00_LPC17xx.a(system_LPC17xx.o)

.debug_line     0x00000000     0x1583
 .debug_line    0x00000000      0x407 ./src/ADC.o
 .debug_line    0x00000407       0x30 ./src/EEPROM.o
 .debug_line    0x00000437       0x2d ./src/PWM.o
 .debug_line    0x00000464      0x461 ./src/UART.o
 .debug_line    0x000008c5      0x3d7 ./src/cr_startup_lpc176x.o
 .debug_line    0x00000c9c      0x4e2 ./src/main.o
 .debug_line    0x0000117e       0x32 ./src/watchdog.o
 .debug_line    0x000011b0      0x3d3 C:\Users\Florent\Documents\GitHub\RobORK2\Programmation\CMSISv2p00_LPC17xx\Debug\libCMSISv2p00_LPC17xx.a(system_LPC17xx.o)

.debug_macinfo  0x00000000    0x25c87
 .debug_macinfo
                0x00000000     0x7762 ./src/ADC.o
 .debug_macinfo
                0x00007762     0x16ce ./src/EEPROM.o
 .debug_macinfo
                0x00008e30     0x16ce ./src/PWM.o
 .debug_macinfo
                0x0000a4fe     0x77ed ./src/UART.o
 .debug_macinfo
                0x00011ceb     0x316a ./src/cr_startup_lpc176x.o
 .debug_macinfo
                0x00014e55     0x7e39 ./src/main.o
 .debug_macinfo
                0x0001cc8e     0x16ce ./src/watchdog.o
 .debug_macinfo
                0x0001e35c     0x792b C:\Users\Florent\Documents\GitHub\RobORK2\Programmation\CMSISv2p00_LPC17xx\Debug\libCMSISv2p00_LPC17xx.a(system_LPC17xx.o)

.debug_loc      0x00000000      0x3c6
 .debug_loc     0x00000000       0x9c ./src/ADC.o
 .debug_loc     0x0000009c       0xe0 ./src/UART.o
 .debug_loc     0x0000017c      0x1b8 ./src/cr_startup_lpc176x.o
 .debug_loc     0x00000334       0x72 ./src/main.o
 .debug_loc     0x000003a6       0x20 C:\Users\Florent\Documents\GitHub\RobORK2\Programmation\CMSISv2p00_LPC17xx\Debug\libCMSISv2p00_LPC17xx.a(system_LPC17xx.o)

.debug_pubnames
                0x00000000      0x287
 .debug_pubnames
                0x00000000       0x5a ./src/ADC.o
 .debug_pubnames
                0x0000005a       0x85 ./src/UART.o
 .debug_pubnames
                0x000000df      0x115 ./src/cr_startup_lpc176x.o
 .debug_pubnames
                0x000001f4       0x44 ./src/main.o
 .debug_pubnames
                0x00000238       0x4f C:\Users\Florent\Documents\GitHub\RobORK2\Programmation\CMSISv2p00_LPC17xx\Debug\libCMSISv2p00_LPC17xx.a(system_LPC17xx.o)

.debug_pubtypes
                0x00000000      0x1f5
 .debug_pubtypes
                0x00000000       0x75 ./src/ADC.o
 .debug_pubtypes
                0x00000075       0x9b ./src/UART.o
 .debug_pubtypes
                0x00000110       0x12 ./src/cr_startup_lpc176x.o
 .debug_pubtypes
                0x00000122       0x95 ./src/main.o
 .debug_pubtypes
                0x000001b7       0x3e C:\Users\Florent\Documents\GitHub\RobORK2\Programmation\CMSISv2p00_LPC17xx\Debug\libCMSISv2p00_LPC17xx.a(system_LPC17xx.o)

.debug_aranges  0x00000000      0x138
 .debug_aranges
                0x00000000       0x30 ./src/ADC.o
 .debug_aranges
                0x00000030       0x38 ./src/UART.o
 .debug_aranges
                0x00000068       0x80 ./src/cr_startup_lpc176x.o
 .debug_aranges
                0x000000e8       0x28 ./src/main.o
 .debug_aranges
                0x00000110       0x28 C:\Users\Florent\Documents\GitHub\RobORK2\Programmation\CMSISv2p00_LPC17xx\Debug\libCMSISv2p00_LPC17xx.a(system_LPC17xx.o)

.debug_ranges   0x00000000       0xe8
 .debug_ranges  0x00000000       0x20 ./src/ADC.o
 .debug_ranges  0x00000020       0x28 ./src/UART.o
 .debug_ranges  0x00000048       0x70 ./src/cr_startup_lpc176x.o
 .debug_ranges  0x000000b8       0x18 ./src/main.o
 .debug_ranges  0x000000d0       0x18 C:\Users\Florent\Documents\GitHub\RobORK2\Programmation\CMSISv2p00_LPC17xx\Debug\libCMSISv2p00_LPC17xx.a(system_LPC17xx.o)

.debug_str      0x00000000      0xaaa
 .debug_str     0x00000000      0x403 ./src/ADC.o
                                0x42d (size before relaxing)
 .debug_str     0x00000403       0x10 ./src/EEPROM.o
                                 0x67 (size before relaxing)
 .debug_str     0x00000413        0xd ./src/PWM.o
                                 0x64 (size before relaxing)
 .debug_str     0x00000420      0x304 ./src/UART.o
                                0x677 (size before relaxing)
 .debug_str     0x00000724      0x177 ./src/cr_startup_lpc176x.o
                                0x24d (size before relaxing)
 .debug_str     0x0000089b      0x173 ./src/main.o
                                0x612 (size before relaxing)
 .debug_str     0x00000a0e       0x12 ./src/watchdog.o
                                 0x69 (size before relaxing)
 .debug_str     0x00000a20       0x8a C:\Users\Florent\Documents\GitHub\RobORK2\Programmation\CMSISv2p00_LPC17xx\Debug\libCMSISv2p00_LPC17xx.a(system_LPC17xx.o)
                                0x287 (size before relaxing)

.comment        0x00000000       0x2a
 .comment       0x00000000       0x2a ./src/ADC.o
                                 0x2b (size before relaxing)
 .comment       0x00000000       0x2b ./src/EEPROM.o
 .comment       0x00000000       0x2b ./src/PWM.o
 .comment       0x00000000       0x2b ./src/UART.o
 .comment       0x00000000       0x2b ./src/cr_startup_lpc176x.o
 .comment       0x00000000       0x2b ./src/main.o
 .comment       0x00000000       0x2b ./src/watchdog.o
 .comment       0x00000000       0x2b C:\Users\Florent\Documents\GitHub\RobORK2\Programmation\CMSISv2p00_LPC17xx\Debug\libCMSISv2p00_LPC17xx.a(system_LPC17xx.o)
 .comment       0x00000000       0x2b c:/nxp/lpcxpresso_4.2.3_292/lpcxpresso/tools/bin/../lib/gcc/arm-none-eabi/4.5.1/../../../../arm-none-eabi/lib/thumb2\libcr_c.a(__weak__main.o)
 .comment       0x00000000       0x2b c:/nxp/lpcxpresso_4.2.3_292/lpcxpresso/tools/bin/../lib/gcc/arm-none-eabi/4.5.1/../../../../arm-none-eabi/lib/thumb2\libcr_c.a(strcmp.o)
 .comment       0x00000000       0x2b c:/nxp/lpcxpresso_4.2.3_292/lpcxpresso/tools/bin/../lib/gcc/arm-none-eabi/4.5.1/../../../../arm-none-eabi/lib/thumb2\libcr_c.a(strcpy.o)
 .comment       0x00000000       0x2b c:/nxp/lpcxpresso_4.2.3_292/lpcxpresso/tools/bin/../lib/gcc/arm-none-eabi/4.5.1/../../../../arm-none-eabi/lib/thumb2\libcr_c.a(strlen.o)

.ARM.attributes
                0x00000000       0x2f
 .ARM.attributes
                0x00000000       0x31 ./src/ADC.o
 .ARM.attributes
                0x00000031       0x31 ./src/EEPROM.o
 .ARM.attributes
                0x00000062       0x31 ./src/PWM.o
 .ARM.attributes
                0x00000093       0x31 ./src/UART.o
 .ARM.attributes
                0x000000c4       0x31 ./src/cr_startup_lpc176x.o
 .ARM.attributes
                0x000000f5       0x31 ./src/main.o
 .ARM.attributes
                0x00000126       0x31 ./src/watchdog.o
 .ARM.attributes
                0x00000157       0x31 C:\Users\Florent\Documents\GitHub\RobORK2\Programmation\CMSISv2p00_LPC17xx\Debug\libCMSISv2p00_LPC17xx.a(system_LPC17xx.o)
 .ARM.attributes
                0x00000188       0x31 c:/nxp/lpcxpresso_4.2.3_292/lpcxpresso/tools/bin/../lib/gcc/arm-none-eabi/4.5.1/../../../../arm-none-eabi/lib/thumb2\libcr_c.a(__weak__main.o)
 .ARM.attributes
                0x000001b9       0x31 c:/nxp/lpcxpresso_4.2.3_292/lpcxpresso/tools/bin/../lib/gcc/arm-none-eabi/4.5.1/../../../../arm-none-eabi/lib/thumb2\libcr_c.a(strcmp.o)
 .ARM.attributes
                0x000001ea       0x31 c:/nxp/lpcxpresso_4.2.3_292/lpcxpresso/tools/bin/../lib/gcc/arm-none-eabi/4.5.1/../../../../arm-none-eabi/lib/thumb2\libcr_c.a(strcpy.o)
 .ARM.attributes
                0x0000021b       0x31 c:/nxp/lpcxpresso_4.2.3_292/lpcxpresso/tools/bin/../lib/gcc/arm-none-eabi/4.5.1/../../../../arm-none-eabi/lib/thumb2\libcr_c.a(strlen.o)
 .ARM.attributes
                0x0000024c       0x21 c:/nxp/lpcxpresso_4.2.3_292/lpcxpresso/tools/bin/../lib/gcc/arm-none-eabi/4.5.1/thumb2\libcr_eabihelpers.a(division.o)

.debug_frame    0x00000000      0x260
 .debug_frame   0x00000000       0x60 ./src/ADC.o
 .debug_frame   0x00000060       0x88 ./src/UART.o
 .debug_frame   0x000000e8       0xf0 ./src/cr_startup_lpc176x.o
 .debug_frame   0x000001d8       0x4c ./src/main.o
 .debug_frame   0x00000224       0x3c C:\Users\Florent\Documents\GitHub\RobORK2\Programmation\CMSISv2p00_LPC17xx\Debug\libCMSISv2p00_LPC17xx.a(system_LPC17xx.o)
