
**** Build of configuration Debug for project test_project ****

make all 
Building file: ../src/UART.c
Invoking: MCU C Compiler
arm-none-eabi-gcc -D__REDLIB__ -DDEBUG -D__CODE_RED -D__USE_CMSIS=CMSISv2p00_LPC17xx -D__USE_CMSIS_DSPLIB=CMSISv2p00_DSPLIB_CM3 -I"C:\Users\Florent\Documents\GitHub\RobORK2\Programmation\CMSISv2p00_LPC17xx\inc" -I"C:\Users\Florent\Documents\GitHub\RobORK2\Programmation\CMSISv2p00_DSPLIB_CM3\inc" -O0 -g3 -Wall -c -fmessage-length=0 -fno-builtin -ffunction-sections -fdata-sections -mcpu=cortex-m3 -mthumb -MMD -MP -MF"src/UART.d" -MT"src/UART.d" -o"src/UART.o" "../src/UART.c"
Finished building: ../src/UART.c
 
Building target: test_project.axf
Invoking: MCU Linker
arm-none-eabi-gcc -nostdlib -L"C:\Users\Florent\Documents\GitHub\RobORK2\Programmation\CMSISv2p00_LPC17xx\Debug" -L"C:\Users\Florent\Documents\GitHub\RobORK2\Programmation\CMSISv2p00_DSPLIB_CM3\lib" -Xlinker -Map="test_project.map" -Xlinker --gc-sections -mcpu=cortex-m3 -mthumb -T "test_project_Debug.ld" -o"test_project.axf"  ./src/ADC.o ./src/EEPROM.o ./src/PWM.o ./src/UART.o ./src/cr_startup_lpc176x.o ./src/main.o ./src/watchdog.o   -lCMSISv2p00_LPC17xx -lCMSISv2p00_DSPLIB_CM3
Finished building target: test_project.axf
 
make --no-print-directory post-build
Performing post-build steps
arm-none-eabi-size "test_project.axf"; # arm-none-eabi-objcopy -O binary "test_project.axf" "test_project.bin" ; checksum -p LPC1769 -d "test_project.bin";
   text	   data	    bss	    dec	    hex	filename
   1924	      8	     76	   2008	    7d8	test_project.axf
 
